{
   "Job": {
      "Datacenters": [
         "dc1"
      ],
      "ID": "some-job",
      "TaskGroups": [
         {
            "Name": "some-group",
            "Tasks": [
               {
                  "Config": {
                     "image": "some-image",
                     "network_mode": "host"
                  },
                  "Driver": "docker",
                  "Name": "some-task"
               }
            ]
         }
      ]
   }
}
