{
   "Job": {
      "Datacenters": [
         "dc1"
      ],
      "ID": "some-job",
      "TaskGroups": [
         {
            "Name": "some-group",
            "Networks": [ ],
            "Services": [
               {
                  "Name": "some-service",
                  "PortLabel": 9001,
                  "Tags": [ ]
               }
            ],
            "Tasks": [
               {
                  "Config": {
                     "image": "some-image",
                     "network_mode": "host"
                  },
                  "Driver": "docker",
                  "Name": "some-task",
                  "Services": [ ],
                  "Templates": [ ]
               }
            ]
         }
      ]
   }
}
